{
	"numSources": 2,
	"lang": {
		"it": {
			"leverage": {
				"tmSize": 113,
				"minimumQuality": 50,
				"prjLeverage": {
					"default": {
						"translated": 0,
						"translatedWords": 0,
						"translatedByQ": {},
						"untranslated": 113,
						"untranslatedChars": 5682,
						"untranslatedWords": 873,
						"pending": 0,
						"pendingWords": 0,
						"internalRepetitions": 0,
						"internalRepetitionWords": 0
					}
				}
			}
		}
	}
}