{
	"sourceLang": "en",
	"targetLang": "de",
	"translationProvider": "Grandfather",
	"jobGuid": "xxx0xxx",
	"status": "done",
	"tus": [
		{
			"guid": "wUtgDUDVeLsT_x9VEGH_peG9Ujs3DvX1H3cvHtxgcjw",
			"nsrc": [
				"Welcome to react using react-i18next"
			],
			"ntgt": [
				"Willkommen zu react und react-i18next"
			],
			"ts": 1,
			"q": 70
		},
		{
			"guid": "cghma_NsjtZInytTsem0CwlHb1dS2hT2uQGVfDLNkaI",
			"nsrc": [
				"To get started, edit ",
				{
					"t": "bx",
					"v": "<a>"
				},
				"src/App.js",
				{
					"t": "ex",
					"v": "</a>"
				},
				" and save to reload."
			],
			"ntgt": [
				"Um loszulegen, ändere ",
				{
					"t": "bx",
					"v": "<a>"
				},
				"src/App.js",
				{
					"t": "ex",
					"v": "</a>"
				},
				" speicheren und neuladen."
			],
			"ts": 1,
			"q": 70
		},
		{
			"guid": "B2tOpN7eXoM6vDTFJdnZEO-5fTC49LtcVxOOxviW7z8",
			"nsrc": [
				"Switch language between english and german using buttons above."
			],
			"ntgt": [
				"Ändere die Sprachen zwischen deutsch und englisch mit Hilfe der beiden Schalter."
			],
			"ts": 1,
			"q": 70
		},
		{
			"guid": "mVpp2sfDV8h1yTpK3YpunsGCCyrOtgRsoijdn0rbpfo",
			"nsrc": [
				"Welcome, ",
				{
					"t": "x",
					"v": "{{name}}"
				},
				"!"
			],
			"ntgt": [
				"Willkommen, ",
				{
					"t": "x",
					"v": "{{name}}"
				},
				"!"
			],
			"ts": 1,
			"q": 70
		},
		{
			"guid": "RLKDBvHhlr-qK3r-qduFToaGzxrPq1lCG1NlVq7u80s",
			"nsrc": [
				"Welcome, ",
				{
					"t": "bx",
					"v": "<a>"
				},
				{
					"t": "x",
					"v": "{{name}}"
				},
				{
					"t": "ex",
					"v": "</a>"
				},
				"!"
			],
			"ntgt": [
				"Willkommen, ",
				{
					"t": "bx",
					"v": "<a>"
				},
				{
					"t": "x",
					"v": "{{name}}"
				},
				{
					"t": "ex",
					"v": "</a>"
				},
				"!"
			],
			"ts": 1,
			"q": 70
		}
	],
	"updatedAt": "2022-05-29T00:00:00.000Z"
}