{
	"lang": {
		"it": {
			"leverage": {
				"tmSize": 335,
				"minimumQuality": 50,
				"prjLeverage": {
					"default": {
						"translated": 334,
						"translatedWords": 2273,
						"translatedByQ": {
							"61": 1,
							"69": 1,
							"70": 332
						},
						"untranslated": 1,
						"untranslatedChars": 0,
						"untranslatedWords": 0,
						"pending": 0,
						"pendingWords": 0,
						"internalRepetitions": 0,
						"internalRepetitionWords": 0
					}
				},
				"numSources": 30
			}
		}
	},
	"numSources": 30
}