{
	"sourceLang": "en",
	"targetLang": "ar",
	"tus": [
		{
			"sid": "AccessibilityCardboardButton",
			"guid": "p72nj2yZPB-RfJOZa2iZg2pt16HznCGr_kdYQziGHxs",
			"notes": {
				"desc": "Accessibility label for the cardboard button to go into cardboard mode (read out loud)"
			},
			"seq": 1045,
			"nsrc": [
				"Cardboard mode: ",
				{
					"t": "x",
					"v": "%1$@"
				}
			],
			"rid": "en.lproj/CardboardSDK.strings"
		},
		{
			"sid": "AccessibilityFullscreenButton",
			"guid": "snWaUNjXnKuXlItO8jUPfKITKfuqshl6xCXxUgiP4jI",
			"notes": {
				"desc": "Accessibility label for the fullscreen button to go into fullscreen mode (read out loud)"
			},
			"seq": 1046,
			"nsrc": [
				"Fullscreen mode"
			],
			"rid": "en.lproj/CardboardSDK.strings"
		},
		{
			"sid": "AccessibilityHelpButton",
			"guid": "d13hqt62wEq5drSC-g7auJUOAlQL-N3VrEyi1mCjMH0",
			"notes": {
				"desc": "Accessibility label for the information button to go to help page (read out loud)"
			},
			"seq": 1015,
			"nsrc": [
				"Help"
			],
			"rid": "en.lproj/CardboardSDK.strings"
		},
		{
			"sid": "HelpHack",
			"guid": "kjYD6n4DIB9kQKYRd0QStGsZfU2yOhcUG091zj53Skw",
			"notes": {
				"desc": "Test encoding and decoding"
			},
			"seq": 1047,
			"nsrc": [
				"Help 'encoding' isÂ \"hard\"!\\\n"
			],
			"rid": "en.lproj/CardboardSDK.strings"
		}
	],
	"translationProvider": "Repetition",
	"jobGuid": "xxx1xxx",
	"status": "created",
	"updatedAt": "2022-05-29T00:00:00.000Z"
}