{
	"sourceLang": "en",
	"targetLang": "ar",
	"tus": [
		{
			"sid": "AccessibilityCardboardButton",
			"mf": "default",
			"gstr": "Cardboard mode: {{x}}",
			"guid": "p72nj2yZPB-RfJOZa2iZg2pt16HznCGr_kdYQziGHxs",
			"rawNotes": "Accessibility label for the cardboard button to go into cardboard mode (read out loud)",
			"notes": {
				"desc": "Accessibility label for the cardboard button to go into cardboard mode (read out loud)"
			},
			"seq": 1045,
			"nsrc": [
				"Cardboard mode: ",
				{
					"t": "x",
					"v": "%1$@"
				}
			],
			"rid": "en.lproj/CardboardSDK.strings",
			"ts": 1
		},
		{
			"sid": "AccessibilityFullscreenButton",
			"mf": "default",
			"gstr": "Fullscreen mode",
			"guid": "snWaUNjXnKuXlItO8jUPfKITKfuqshl6xCXxUgiP4jI",
			"rawNotes": "Accessibility label for the fullscreen button to go into fullscreen mode (read out loud)",
			"notes": {
				"desc": "Accessibility label for the fullscreen button to go into fullscreen mode (read out loud)"
			},
			"seq": 1046,
			"nsrc": [
				"Fullscreen mode"
			],
			"rid": "en.lproj/CardboardSDK.strings",
			"ts": 1
		},
		{
			"sid": "HelpHack",
			"mf": "default",
			"gstr": "Help 'encoding' is \"hard\"!\\\n",
			"guid": "kjYD6n4DIB9kQKYRd0QStGsZfU2yOhcUG091zj53Skw",
			"rawNotes": "Test encoding and decoding",
			"notes": {
				"desc": "Test encoding and decoding"
			},
			"seq": 1047,
			"nsrc": [
				"Help 'encoding' is \"hard\"!\\\n"
			],
			"rid": "en.lproj/CardboardSDK.strings",
			"ts": 1
		}
	],
	"translationProvider": "Visicode",
	"jobGuid": "xxx2xxx",
	"status": "created",
	"updatedAt": "2022-05-29T00:00:00.000Z"
}