{
	"sourceLang": "en",
	"targetLang": "ru",
	"tus": [
		{
			"sid": "homeTitle",
			"gstr": "{{bx}}Welcome{{ex}} to {{x}}.",
			"guid": "Yhu_PT_gxnNEP6i5cnfpdYCQ577w0kcHlKdPIp1rHWM",
			"rawNotes": "header - This is the welcome message on the home page",
			"notes": {
				"desc": "header - This is the welcome message on the home page"
			},
			"seq": 1023,
			"nsrc": [
				{
					"t": "bx",
					"v": "<b>"
				},
				"Welcome",
				{
					"t": "ex",
					"v": "</b>"
				},
				" to ",
				{
					"t": "x",
					"v": "$t(brand:portalName)"
				},
				"."
			],
			"rid": "public/locales/en/app.json",
			"ts": 1
		},
		{
			"sid": "flightHome.title",
			"gstr": "{{bx}}Welcome back{{ex}} to travel.",
			"guid": "8QAVB3VDxOUUy1YKjJmy1pgdVR0m497ZhCOVS16GBQM",
			"rawNotes": "header - welcome message of flight flow",
			"notes": {
				"desc": "header - welcome message of flight flow"
			},
			"seq": 1022,
			"nsrc": [
				{
					"t": "bx",
					"v": "<strong>"
				},
				"Welcome back",
				{
					"t": "ex",
					"v": "</strong>"
				},
				" to travel."
			],
			"rid": "public/locales/en/app.json",
			"ts": 1
		},
		{
			"sid": "flightHome.subtitle",
			"gstr": "Book the trip you've been waiting for.",
			"guid": "AGkOSI-2cbdKB0hwucpDtAhetdvAytGYurYD7hvcezM",
			"rawNotes": "subtitle - flight landing page subheading",
			"notes": {
				"desc": "subtitle - flight landing page subheading"
			},
			"seq": 1021,
			"nsrc": [
				"Book the trip you've been waiting for."
			],
			"rid": "public/locales/en/app.json",
			"ts": 1
		},
		{
			"sid": "pickerTraveler_one",
			"isSuffixPluralized": true,
			"gstr": "Traveler",
			"guid": "YpoIEBkIfKjKzReUIQX2mqEn2bLQ8YPiTSt1FDHIkI4",
			"seq": 1020,
			"nsrc": [
				"Traveler"
			],
			"rid": "public/locales/en/app.json",
			"ts": 1
		},
		{
			"sid": "pickerTraveler_other",
			"isSuffixPluralized": true,
			"gstr": "Travelers",
			"guid": "sTGxO3wYiDt-d_Nrg22Dm5CCdRJYPprzgXAZ9M2S81w",
			"seq": 1019,
			"nsrc": [
				"Travelers"
			],
			"rid": "public/locales/en/app.json",
			"ts": 1
		},
		{
			"sid": "warningMessage",
			"gstr": "You can search for up to {{x}} travelers",
			"guid": "KuM3WlVRMaBLFo6E0fg4vATKm955gBDBbAGTLdLITAk",
			"rawNotes": "copy - passenger count picker warning message",
			"notes": {
				"desc": "copy - passenger count picker warning message"
			},
			"seq": 1018,
			"nsrc": [
				"You can search for up to ",
				{
					"t": "x",
					"v": "{{maximumCount}}"
				},
				" travelers"
			],
			"rid": "public/locales/en/app.json",
			"ts": 1
		},
		{
			"sid": "termsAndConditions",
			"gstr": "{{bx}}{{x}} price services and notifications. {{x}} work hard to ensure the accuracy of its predictions. {{ex}}",
			"guid": "qJxPXXst0F8DLkzVVG63hebwXP80N7CFgJfuXtr8mM8",
			"rawNotes": "copy - price  terms and conditions copy",
			"notes": {
				"desc": "copy - price  terms and conditions copy"
			},
			"seq": 1024,
			"nsrc": [
				{
					"t": "bx",
					"v": "<p>"
				},
				{
					"t": "x",
					"v": "$t(brand:portalName)"
				},
				" price services and notifications. ",
				{
					"t": "x",
					"v": "$t(brand:clientName)"
				},
				" work hard to ensure the accuracy of its predictions. ",
				{
					"t": "ex",
					"v": "</p>"
				}
			],
			"rid": "public/locales/en/app.json",
			"ts": 1
		},
		{
			"sid": "timeCount.day_one",
			"isSuffixPluralized": true,
			"gstr": "{{x}} day",
			"guid": "bws_LnxH_75t_Jdprc_zeTdGgUOWjzRFnDe6YfvjOYg",
			"rawNotes": "copy - time copy for day singular",
			"notes": {
				"desc": "copy - time copy for day singular"
			},
			"seq": 1017,
			"nsrc": [
				{
					"t": "x",
					"v": "{{count}}"
				},
				" day"
			],
			"rid": "public/locales/en/app.json",
			"ts": 1
		},
		{
			"sid": "timeCount.day_other",
			"isSuffixPluralized": true,
			"gstr": "{{x}} days",
			"guid": "Jqw-OIo4U6fG5lyDl3mUsrBOVyxTbyNSBtYPAz3soPQ",
			"rawNotes": "copy - time copy for days plural",
			"notes": {
				"desc": "copy - time copy for days plural"
			},
			"seq": 1016,
			"nsrc": [
				{
					"t": "x",
					"v": "{{count}}"
				},
				" days"
			],
			"rid": "public/locales/en/app.json",
			"ts": 1
		},
		{
			"sid": "timeCount.hour_one",
			"isSuffixPluralized": true,
			"gstr": "{{x}} hour",
			"guid": "u-b8MhBsF9k7Q4SquD9h_vGYUIfEhi_gRzuA9i36PfY",
			"rawNotes": "copy - time copy for hour singular",
			"notes": {
				"desc": "copy - time copy for hour singular"
			},
			"seq": 1015,
			"nsrc": [
				{
					"t": "x",
					"v": "{{count}}"
				},
				" hour"
			],
			"rid": "public/locales/en/app.json",
			"ts": 1
		},
		{
			"sid": "timeCount.hour_other",
			"isSuffixPluralized": true,
			"gstr": "{{x}} hours",
			"guid": "haJeL1bazwQ1yTntetVJeSFWmn5a9hPwuTBVoh9ISjo",
			"rawNotes": "copy - time copy for hours plural",
			"notes": {
				"desc": "copy - time copy for hours plural"
			},
			"seq": 1014,
			"nsrc": [
				{
					"t": "x",
					"v": "{{count}}"
				},
				" hours"
			],
			"rid": "public/locales/en/app.json",
			"ts": 1
		},
		{
			"sid": "timeCount.second_one",
			"isSuffixPluralized": true,
			"gstr": "{{x}} second",
			"guid": "YjPgqgOdTMkHKTRSeQTqRnPKYg-aPkWmF4PtExUoI6Q",
			"rawNotes": "copy - time copy for second singular",
			"notes": {
				"desc": "copy - time copy for second singular"
			},
			"seq": 1013,
			"nsrc": [
				{
					"t": "x",
					"v": "{{count}}"
				},
				" second"
			],
			"rid": "public/locales/en/app.json",
			"ts": 1
		},
		{
			"sid": "timeCount.second_other",
			"isSuffixPluralized": true,
			"gstr": "{{x}} seconds",
			"guid": "x1xQynOoxM1xfd0g5iSmzZfrIWxwjHfV3x-1xaoiFJk",
			"rawNotes": "copy - time copy for seconds plural",
			"notes": {
				"desc": "copy - time copy for seconds plural"
			},
			"seq": 1012,
			"nsrc": [
				{
					"t": "x",
					"v": "{{count}}"
				},
				" seconds"
			],
			"rid": "public/locales/en/app.json",
			"ts": 1
		}
	],
	"translationProvider": "Visicode",
	"jobGuid": "xxx3xxx",
	"status": "created",
	"updatedAt": "2022-05-29T00:00:00.000Z"
}