{
	"sourceLang": "en",
	"targetLang": "ar",
	"leverage": {
		"tmSize": 30,
		"minimumQuality": 50,
		"prjLeverage": {
			"default": {
				"translated": 30,
				"translatedByQ": {
					"61": 1,
					"70": 29
				},
				"untranslated": 2,
				"untranslatedChars": 35,
				"untranslatedWords": 4,
				"pending": 0,
				"internalRepetitions": 0,
				"internalRepetitionWords": 0
			}
		}
	},
	"jobId": 2,
	"jobGuid": "x",
	"status": "done",
	"translationProvider": "PigLatinizer",
	"tus": [
		{
			"guid": "9JufkUwvNbHKJ3kAyyWxCBCzQyMkOvhfVQ2XzduPtt8",
			"ntgt": [
				"[",
				"Ardboardcay odemay: ",
				{
					"t": "x",
					"v": "%1$@"
				},
				"-ar]"
			],
			"contentType": "default",
			"q": 2,
			"tgt": "[Ardboardcay odemay: %1$@-ar]"
		},
		{
			"guid": "snWaUNjXnKuXlItO8jUPfKITKfuqshl6xCXxUgiP4jI",
			"tgt": "[Ullscreenfay odemay-ar]",
			"q": 2
		}
	],
	"ts": 1
}