{
	"sourceLang": "en",
	"targetLang": "ar",
	"leverage": {
		"tmSize": 0,
		"minimumQuality": 50,
		"prjLeverage": {
			"default": {
				"translated": 0,
				"translatedByQ": {},
				"untranslated": 30,
				"untranslatedChars": 613,
				"untranslatedWords": 98,
				"pending": 0,
				"internalRepetitions": 2,
				"internalRepetitionWords": 2
			}
		}
	},
	"tus": [
		{
			"guid": "Sch-OXL3KPaFNWvKiWNmafNmqHZo8oNtcaB-9jYE1sk",
			"rid": "en.lproj/CardboardSDK.strings",
			"sid": "BackButtonLabel",
			"src": "Back",
			"tgt": "رجوع",
			"contentType": "default",
			"q": 70
		},
		{
			"guid": "S5zXEp9KGe9nqhqgtH8vMM106HfoiBTZzDQ8qyPdB5A",
			"rid": "en.lproj/CardboardSDK.strings",
			"sid": "NavTitleLabel",
			"src": "QR Scan",
			"tgt": "فحص الاستجابة السريعة.",
			"contentType": "default",
			"q": 70
		},
		{
			"guid": "PV7WBP4aNfZzq1Hre1_bkECpoSmhPedg7xfh7UKYkyw",
			"rid": "en.lproj/CardboardSDK.strings",
			"sid": "LoadingMessage",
			"src": "Parsing configuration data",
			"tgt": "تحليل بيانات التهيئة",
			"contentType": "default",
			"q": 70
		},
		{
			"guid": "jkJekuVBcsiufoG2zmxszlbnMGkREPRBAeb2QTDfUaI",
			"rid": "en.lproj/CardboardSDK.strings",
			"sid": "InvalidQRCode",
			"src": "The QR code is invalid",
			"tgt": "إن رمز الاستجابة السريعة غير صالح",
			"contentType": "default",
			"q": 70
		},
		{
			"guid": "2n8bq0sVYs9Xil3nEw7OEVuhOSGvpaoInQAZ89RnD7c",
			"rid": "en.lproj/CardboardSDK.strings",
			"sid": "ParsingFailed",
			"src": "Problem in parsing the Url",
			"tgt": "‏مشكلة في تحليل عنوان Url",
			"contentType": "default",
			"q": 70
		},
		{
			"guid": "AdyQmEgWnluTjMejDA1HHn_MJQcmdxevJUBS0y-60g0",
			"rid": "en.lproj/CardboardSDK.strings",
			"sid": "DataSynced",
			"src": "%1$@ detected",
			"tgt": "تم اكتشاف %1$@",
			"contentType": "default",
			"q": 70,
			"ntgt": [
				"تم اكتشاف ",
				{
					"t": "x",
					"v": "%1$@"
				}
			],
			"nsrc": [
				{
					"t": "x",
					"v": "%1$@"
				},
				" detected"
			]
		},
		{
			"guid": "MmBuoyCIE3eiz_wlkLAZMeoIhXX52LOiAHNCnl3o4Fc",
			"rid": "en.lproj/CardboardSDK.strings",
			"sid": "FindSymbolOnViewer",
			"src": "Find this symbol on your viewer",
			"tgt": "العثور على هذا الرمز على عارضك",
			"contentType": "default",
			"q": 70
		},
		{
			"guid": "QaV08RUEuxPOCugEXCnQ7tnShKARCrrKeZxYO7kxLSc",
			"rid": "en.lproj/CardboardSDK.strings",
			"sid": "CanNotFindSymbol",
			"src": "Can't find this symbol?",
			"tgt": "ألا تستطيع العثور على هذا الرمز؟",
			"contentType": "default",
			"q": 70
		},
		{
			"guid": "c6aK6IBRyaNfMidf7na8JYOmhVI2r4vsn3O6B-pr-xc",
			"rid": "en.lproj/CardboardSDK.strings",
			"sid": "TroubleShootingTips",
			"src": "Troubleshooting Tips",
			"tgt": "نصائح تحرّى الخلل وإصلاحه",
			"contentType": "default",
			"q": 70
		},
		{
			"guid": "ZYAxQNY0zLKx4RB3CGTDXujQrbLQclR9EH5EQ7Fzbok",
			"rid": "en.lproj/CardboardSDK.strings",
			"sid": "SkipButtonLabel",
			"src": "SKIP",
			"tgt": "تخطٍ",
			"contentType": "default",
			"q": 70
		},
		{
			"guid": "Kj45w0Rgr1SHV55MeVawhgff4UYIfb-XuWWnyf9_dks",
			"rid": "en.lproj/CardboardSDK.strings",
			"sid": "OnboardingIntroLine1",
			"src": "Let's get you set up",
			"tgt": "لنبدأ الإعداد",
			"contentType": "default",
			"q": 70
		},
		{
			"guid": "8_cqAMCRj_4YGH6-e5xWNNAupQF-OHn20AQoeGp75h4",
			"rid": "en.lproj/CardboardSDK.strings",
			"sid": "OnboardingIntroLine2",
			"src": "Pair your phone with your viewer for the best experience.",
			"tgt": "أقرن هاتفك مع العارض للتمتّع بأفضل تجربة",
			"contentType": "default",
			"q": 70
		},
		{
			"guid": "yiK0MVBkcMRpl-7tMMPVMmlUvDJvqVxRbLLDHOchAko",
			"rid": "en.lproj/CardboardSDK.strings",
			"sid": "OnboardingNoViewerPrompt",
			"src": "No cardboard viewer?",
			"tgt": "‏أليس لديك عارض Cardboard؟",
			"contentType": "default",
			"q": 70
		},
		{
			"guid": "L3Um-sKnXUAP1liD4dLFvMGh7c2p80P5DRx1ZFPYpqM",
			"rid": "en.lproj/CardboardSDK.strings",
			"sid": "OnboardingGetCardboardButton",
			"src": "Get One",
			"tgt": "الحصول على واحد",
			"contentType": "default",
			"q": 70
		},
		{
			"guid": "6nFW5iZToYQ3LtLDeb9Adlfu-EQWDAuFyMsAlRw4cf4",
			"rid": "en.lproj/CardboardSDK.strings",
			"sid": "PlaceYourPhoneInCardboard",
			"src": "Place your phone into your Cardboard viewer.",
			"tgt": "‏ضع هاتفك في عارض Cardboard.",
			"contentType": "default",
			"q": 70
		},
		{
			"guid": "_Ox3fIvRn_stIM84uJyloQzxDp9QbJP4R5jez9b8WlM",
			"rid": "en.lproj/CardboardSDK.strings",
			"sid": "PlaceYourPhoneInViewerFormat",
			"src": "Place your phone into your %1$@ viewer.",
			"tgt": "ضع هاتفك في عارض %1$@.",
			"contentType": "default",
			"q": 70,
			"ntgt": [
				"ضع هاتفك في عارض ",
				{
					"t": "x",
					"v": "%1$@"
				},
				"."
			],
			"nsrc": [
				"Place your phone into your ",
				{
					"t": "x",
					"v": "%1$@"
				},
				" viewer."
			]
		},
		{
			"guid": "6hNFreOOSaLtvtpZeirvd7YWah19RxogxrXPw89jle8",
			"rid": "en.lproj/CardboardSDK.strings",
			"sid": "SettingsNavTitleLabel",
			"src": "Settings",
			"tgt": "الإعدادات",
			"contentType": "default",
			"q": 70
		},
		{
			"guid": "JdemGm2zCUjeubRLZsgXcHubo03AMla3GDG3EQOcRaA",
			"rid": "en.lproj/CardboardSDK.strings",
			"sid": "SettingsSyncLabel",
			"src": "Sync with Google Cardboard",
			"tgt": "‏مزامنة مع Google Cardboard",
			"contentType": "default",
			"q": 70
		},
		{
			"guid": "JMQujy0s8ueEiGAYRND0qp57PBG6f5G2-PaMflyPv7A",
			"rid": "en.lproj/CardboardSDK.strings",
			"sid": "SettingsCurrentViewerLabelFormat",
			"src": "Current viewer: %1$@",
			"tgt": "العارض الحالي: %1$@",
			"contentType": "default",
			"q": 70,
			"ntgt": [
				"العارض الحالي: ",
				{
					"t": "x",
					"v": "%1$@"
				}
			],
			"nsrc": [
				"Current viewer: ",
				{
					"t": "x",
					"v": "%1$@"
				}
			]
		},
		{
			"guid": "wqrXrCWCECaeOiuDSJiLjeSfPaVlrgpeDFJp8NK39WU",
			"rid": "en.lproj/CardboardSDK.strings",
			"sid": "DefaultViewerName",
			"src": "Default",
			"tgt": "افتراضي",
			"contentType": "default",
			"q": 70
		},
		{
			"guid": "kNNZEkHiye4nzgXH33tGPIpo_dN9p9dtDvtyQLknghg",
			"rid": "en.lproj/CardboardSDK.strings",
			"sid": "DifferentViewerQuestion",
			"src": "Using a different viewer?",
			"tgt": "هل تستخدم عارضًا مختلفًا؟",
			"contentType": "default",
			"q": 70
		},
		{
			"guid": "qTP4qKQCnREcyJAH2Kaph3DNOicsXMZGYTlqeVzrb2c",
			"rid": "en.lproj/CardboardSDK.strings",
			"sid": "SwitchViewer",
			"src": "SWITCH",
			"tgt": "تبديل",
			"contentType": "default",
			"q": 70
		},
		{
			"guid": "9vxGmQDp9PWB8SwncaMftGUQYVZPMwVUUZd0s1dqo4c",
			"rid": "en.lproj/CardboardSDK.strings",
			"sid": "SwitchViewerActivityMenuTitle",
			"src": "Switch viewer: %1$@",
			"tgt": "تبديل العارض: %1$@",
			"contentType": "default",
			"q": 70,
			"ntgt": [
				"تبديل العارض: ",
				{
					"t": "x",
					"v": "%1$@"
				}
			],
			"nsrc": [
				"Switch viewer: ",
				{
					"t": "x",
					"v": "%1$@"
				}
			]
		},
		{
			"guid": "_AhOCAPiMyasIto9QG_S4I0SlAYd_aMe7FWWEAduL38",
			"rid": "en.lproj/CardboardSDK.strings",
			"sid": "HelpActivityMenuTitle",
			"src": "Help",
			"tgt": "مساعدة",
			"contentType": "default",
			"q": 70
		},
		{
			"guid": "CBwqRfe5Ye7rqvX0p6oInX-rrmYU3pvl1Sb7GOjEY2k",
			"rid": "en.lproj/CardboardSDK.strings",
			"sid": "SuccessfullyPaired",
			"src": "Successfully Paired!",
			"tgt": "تم الإقران بنجاح!",
			"contentType": "default",
			"q": 70
		},
		{
			"guid": "xZGq-VKRsUxzvE_2BEUPwIO768lsVjLoJJd5_V3Ypsg",
			"rid": "en.lproj/CardboardSDK.strings",
			"sid": "ViewerConfigured",
			"src": "Your phone is now configured for your %1$@ viewer.",
			"tgt": "تمت تهيئة هاتفك لعارض %1$@.",
			"contentType": "default",
			"q": 70,
			"ntgt": [
				"تمت تهيئة هاتفك لعارض ",
				{
					"t": "x",
					"v": "%1$@"
				},
				"."
			],
			"nsrc": [
				"Your phone is now configured for your ",
				{
					"t": "x",
					"v": "%1$@"
				},
				" viewer."
			]
		},
		{
			"guid": "QBJSpbVgw6NtOonlImeo7N4Ys6aMk-tIHP-Jha6jjwk",
			"rid": "en.lproj/CardboardSDK.strings",
			"sid": "OK",
			"src": "OK",
			"tgt": "موافق",
			"contentType": "default",
			"q": 70
		},
		{
			"guid": "ngT5pq_BhXgX71IJFDYZQRJX80bl9J1XPD2oBb-VEAE",
			"rid": "en.lproj/CardboardSDK.strings",
			"sid": "AccessibilitySettingsButton",
			"src": "Settings",
			"tgt": "الإعدادات",
			"contentType": "default",
			"q": 70
		},
		{
			"guid": "nW_tFp71vkzVwlJDn7vwUbE7V1g3qnKXXPieygn0MOA",
			"rid": "en.lproj/CardboardSDK.strings",
			"sid": "AccessibilityBackButton",
			"src": "Back\\u0020to previous screen",
			"tgt": "رجوع إلى الشاشة السابقة",
			"contentType": "default",
			"q": 70,
			"nsrc": [
				"Back to previous screen"
			]
		}
	],
	"status": "done",
	"translationProvider": "Grandfather",
	"jobId": 0,
	"jobGuid": "x"
}