{
	"sourceLang": "en",
	"targetLang": "ar",
	"leverage": {
		"minimumQuality": 50,
		"translated": {
			"70": 29
		},
		"untranslated": 3,
		"untranslatedChars": 39,
		"untranslatedWords": 6,
		"pending": 0,
		"tmSize": 29
	},
	"tus": [
		{
			"sid": "AccessibilityHelpButton",
			"notes": "Popup activity view menu text for launching an external web browser to get help. (15 chars)",
			"guid": "d13hqt62wEq5drSC-g7auJUOAlQL-N3VrEyi1mCjMH0",
			"contentType": "default",
			"src": "Help",
			"rid": "en.lproj/CardboardSDK.strings",
			"ts": 1644385400681,
			"tgt": "مساعدة",
			"q": 61,
			"jobId": 1
		}
	],
	"status": "done",
	"translationProvider": "Repetition",
	"jobId": 1,
	"jobGuid": "x"
}