{
	"test1": {
		"default": {
			"foo": {
				"bar": {
					"zh-Hans": {
						"translated": 851,
						"translatedWords": 2767,
						"translatedByQ": {
							"70": 851
						},
						"untranslated": 16,
						"untranslatedChars": 371,
						"untranslatedWords": 48,
						"pending": 0,
						"pendingWords": 0,
						"internalRepetitions": 4,
						"internalRepetitionWords": 23
					},
					"zh-Hant": {
						"translated": 794,
						"translatedWords": 2620,
						"translatedByQ": {
							"70": 481,
							"80": 313
						},
						"untranslated": 74,
						"untranslatedChars": 1627,
						"untranslatedWords": 212,
						"pending": 0,
						"pendingWords": 0,
						"internalRepetitions": 3,
						"internalRepetitionWords": 6
					},
					"piggy": {
						"translated": 871,
						"translatedWords": 2838,
						"translatedByQ": {
							"1": 871
						},
						"untranslated": 0,
						"untranslatedChars": 0,
						"untranslatedWords": 0,
						"pending": 0,
						"pendingWords": 0,
						"internalRepetitions": 0,
						"internalRepetitionWords": 0
					}
				}
			}
		}
	}
}