{
	"sourceLang": "en",
	"targetLang": "zh-Hans",
	"translationProvider": "XliffBridge",
	"jobGuid": "xxx3xxx",
	"status": "pending",
	"inflight": [
		"t4VWxI0XBS7jJwzcIpjyWz95PtQe0nM2xUjvN4A1U_4",
		"1d7HtgdwLMLoxTTiv83rLZkKjkpfAmsehateH09g4gc",
		"2udl0hvWKKtR3kYZ1ZxvWfGf6Sq6I_AP1i91nZoJRuU",
		"PR-mra8oJXYjh-iGJbPWRJ93cqMsnv3I9kI-KHWftDI",
		"nn9ifCxTi0t0nXPKjjqANSd9RsYNb7nXBbc0e-L1MBY",
		"i6ms_Au63GlXHZGXAcuj1OlRcD9GhIwb0mR2FlStmOo",
		"n-9x0mdfrc5EllF9g4lxFwLkppPeEQND2uhVP0ERBFU",
		"-BgwQxYmz_OcJgZCUZeNEhbIn71aeYWQLfqDzIdO5-A",
		"PDKvwcIWbKlbrMMuqEa00drfTM71kt4AE5hfbznTe_o",
		"ZNcGVkm_LvhJlULW759Z140eW5Es4GSIXDFWwYiq7Lo",
		"ftTBQ9mT8jzVQTlzVQThq84qga7aRnm1A_EmQPZ62tE",
		"TyE4yyopQMXi9xPAwddqixG0FiRUr7u1yXsHaK5cFNg",
		"SSZERtfZuYpDYos6-_VXWBeWY2P0LQQBQ5wwygKih98",
		"dUY5CemIa3xpPTEoUKN5hZLIYyFYKU1bhYQvPyUJvk0",
		"5eZfQwyisFt-eAr3zUOKugP__L-uALc_ylWptAYKJQI",
		"rh1h0cJO-5V2S5q15JDf5bxw2kDqyrXKS4r_wy5PUwU",
		"C0PQbeoPQFB8cyWahP6wddbk0QOh4f-mmiHyTcQUny4"
	],
	"envelope": [
		[
			"t4VWxI0XBS7jJwzcIpjyWz95PtQe0nM2xUjvN4A1U_4",
			{
				"sid": "remove_n_chapters_one",
				"ts": 1642896537928
			}
		],
		[
			"1d7HtgdwLMLoxTTiv83rLZkKjkpfAmsehateH09g4gc",
			{
				"sid": "chapters_plural_one",
				"ts": 1642896537928
			}
		],
		[
			"2udl0hvWKKtR3kYZ1ZxvWfGf6Sq6I_AP1i91nZoJRuU",
			{
				"sid": "pages_left_one",
				"ts": 1642896537928
			}
		],
		[
			"PR-mra8oJXYjh-iGJbPWRJ93cqMsnv3I9kI-KHWftDI",
			{
				"sid": "category_plural_one",
				"ts": 1642896537928
			}
		],
		[
			"nn9ifCxTi0t0nXPKjjqANSd9RsYNb7nXBbc0e-L1MBY",
			{
				"sid": "for_n_titles_one",
				"ts": 1642896537928
			}
		],
		[
			"i6ms_Au63GlXHZGXAcuj1OlRcD9GhIwb0mR2FlStmOo",
			{
				"sid": "notification_and_n_more_one",
				"ts": 1642896537928
			}
		],
		[
			"n-9x0mdfrc5EllF9g4lxFwLkppPeEQND2uhVP0ERBFU",
			{
				"sid": "notification_update_failed_one",
				"ts": 1642896537928
			}
		],
		[
			"-BgwQxYmz_OcJgZCUZeNEhbIn71aeYWQLfqDzIdO5-A",
			{
				"sid": "_updates_pending_one",
				"ts": 1642896537928
			}
		],
		[
			"PDKvwcIWbKlbrMMuqEa00drfTM71kt4AE5hfbznTe_o",
			{
				"sid": "extensions_updated_plural_one",
				"ts": 1642896537928
			}
		],
		[
			"ZNcGVkm_LvhJlULW759Z140eW5Es4GSIXDFWwYiq7Lo",
			{
				"sid": "extension_updates_available_one",
				"ts": 1642896537928
			}
		],
		[
			"ftTBQ9mT8jzVQTlzVQThq84qga7aRnm1A_EmQPZ62tE",
			{
				"sid": "pages_plural_one",
				"ts": 1642896537928
			}
		],
		[
			"TyE4yyopQMXi9xPAwddqixG0FiRUr7u1yXsHaK5cFNg",
			{
				"sid": "missing_chapters_warning_one",
				"ts": 1642896537928
			}
		],
		[
			"SSZERtfZuYpDYos6-_VXWBeWY2P0LQQBQ5wwygKih98",
			{
				"sid": "deleted_chapters_one",
				"ts": 1642896537928
			}
		],
		[
			"dUY5CemIa3xpPTEoUKN5hZLIYyFYKU1bhYQvPyUJvk0",
			{
				"sid": "restore_completed_message_one",
				"ts": 1642896537928
			}
		],
		[
			"5eZfQwyisFt-eAr3zUOKugP__L-uALc_ylWptAYKJQI",
			{
				"sid": "cache_cleared_one",
				"ts": 1642896537928
			}
		],
		[
			"rh1h0cJO-5V2S5q15JDf5bxw2kDqyrXKS4r_wy5PUwU",
			{
				"sid": "cleanup_done_one",
				"ts": 1642896537928
			}
		],
		[
			"C0PQbeoPQFB8cyWahP6wddbk0QOh4f-mmiHyTcQUny4",
			{
				"sid": "after_minutes_one",
				"ts": 1642896537928
			}
		]
	],
	"num": 17,
	"updatedAt": "2022-05-29T00:00:00.000Z"
}