{
	"sourceLang": "en",
	"targetLang": "zh-Hans",
	"tus": [
		{
			"sid": "remove_n_chapters_one",
			"isSuffixPluralized": true,
			"mf": "default",
			"gstr": "Remove {{x}} downloaded chapter?",
			"guid": "t4VWxI0XBS7jJwzcIpjyWz95PtQe0nM2xUjvN4A1U_4",
			"nsrc": [
				"Remove ",
				{
					"t": "x",
					"v": "%1$d"
				},
				" downloaded chapter?"
			],
			"rid": "app/src/main/res/values/strings.xml",
			"ts": 1
		},
		{
			"sid": "chapters_plural_one",
			"isSuffixPluralized": true,
			"mf": "default",
			"gstr": "{{x}} chapter",
			"guid": "1d7HtgdwLMLoxTTiv83rLZkKjkpfAmsehateH09g4gc",
			"nsrc": [
				{
					"t": "x",
					"v": "%1$d"
				},
				" chapter"
			],
			"rid": "app/src/main/res/values/strings.xml",
			"ts": 1
		},
		{
			"sid": "pages_left_one",
			"isSuffixPluralized": true,
			"mf": "default",
			"gstr": "{{x}} page left",
			"guid": "2udl0hvWKKtR3kYZ1ZxvWfGf6Sq6I_AP1i91nZoJRuU",
			"nsrc": [
				{
					"t": "x",
					"v": "%1$d"
				},
				" page left"
			],
			"rid": "app/src/main/res/values/strings.xml",
			"ts": 1
		},
		{
			"sid": "category_plural_one",
			"isSuffixPluralized": true,
			"mf": "default",
			"gstr": "{{x}} category",
			"guid": "PR-mra8oJXYjh-iGJbPWRJ93cqMsnv3I9kI-KHWftDI",
			"nsrc": [
				{
					"t": "x",
					"v": "%d"
				},
				" category"
			],
			"rid": "app/src/main/res/values/strings.xml",
			"ts": 1
		},
		{
			"sid": "for_n_titles_one",
			"isSuffixPluralized": true,
			"mf": "default",
			"gstr": "For {{x}} title",
			"guid": "nn9ifCxTi0t0nXPKjjqANSd9RsYNb7nXBbc0e-L1MBY",
			"nsrc": [
				"For ",
				{
					"t": "x",
					"v": "%d"
				},
				" title"
			],
			"rid": "app/src/main/res/values/strings.xml",
			"ts": 1
		},
		{
			"sid": "notification_and_n_more_one",
			"isSuffixPluralized": true,
			"mf": "default",
			"gstr": "and {{x}} more chapter",
			"guid": "i6ms_Au63GlXHZGXAcuj1OlRcD9GhIwb0mR2FlStmOo",
			"nsrc": [
				"and ",
				{
					"t": "x",
					"v": "%1$d"
				},
				" more chapter"
			],
			"rid": "app/src/main/res/values/strings.xml",
			"ts": 1
		},
		{
			"sid": "notification_update_failed_one",
			"isSuffixPluralized": true,
			"mf": "default",
			"gstr": "1 update failed",
			"guid": "n-9x0mdfrc5EllF9g4lxFwLkppPeEQND2uhVP0ERBFU",
			"nsrc": [
				"1 update failed"
			],
			"rid": "app/src/main/res/values/strings.xml",
			"ts": 1
		},
		{
			"sid": "_updates_pending_one",
			"isSuffixPluralized": true,
			"mf": "default",
			"gstr": "{{x}} update pending",
			"guid": "-BgwQxYmz_OcJgZCUZeNEhbIn71aeYWQLfqDzIdO5-A",
			"nsrc": [
				{
					"t": "x",
					"v": "%d"
				},
				" update pending"
			],
			"rid": "app/src/main/res/values/strings.xml",
			"ts": 1
		},
		{
			"sid": "extensions_updated_plural_one",
			"isSuffixPluralized": true,
			"mf": "default",
			"gstr": "Extension updated",
			"guid": "PDKvwcIWbKlbrMMuqEa00drfTM71kt4AE5hfbznTe_o",
			"nsrc": [
				"Extension updated"
			],
			"rid": "app/src/main/res/values/strings.xml",
			"ts": 1
		},
		{
			"sid": "extension_updates_available_one",
			"isSuffixPluralized": true,
			"mf": "default",
			"gstr": "Extension update available",
			"guid": "ZNcGVkm_LvhJlULW759Z140eW5Es4GSIXDFWwYiq7Lo",
			"nsrc": [
				"Extension update available"
			],
			"rid": "app/src/main/res/values/strings.xml",
			"ts": 1
		},
		{
			"sid": "pages_plural_one",
			"isSuffixPluralized": true,
			"mf": "default",
			"gstr": "{{x}} page",
			"guid": "ftTBQ9mT8jzVQTlzVQThq84qga7aRnm1A_EmQPZ62tE",
			"nsrc": [
				{
					"t": "x",
					"v": "%1$d"
				},
				" page"
			],
			"rid": "app/src/main/res/values/strings.xml",
			"ts": 1
		},
		{
			"sid": "missing_chapters_warning_one",
			"isSuffixPluralized": true,
			"mf": "default",
			"gstr": "Skipping 1 chapter, either the source is missing it or it has been filtered out",
			"guid": "TyE4yyopQMXi9xPAwddqixG0FiRUr7u1yXsHaK5cFNg",
			"nsrc": [
				"Skipping 1 chapter, either the source is missing it or it has been filtered out"
			],
			"rid": "app/src/main/res/values/strings.xml",
			"ts": 1
		},
		{
			"sid": "deleted_chapters_one",
			"isSuffixPluralized": true,
			"mf": "default",
			"gstr": "A chapter has been removed from the source:\n{{x}}\nDelete its download?",
			"guid": "SSZERtfZuYpDYos6-_VXWBeWY2P0LQQBQ5wwygKih98",
			"nsrc": [
				"A chapter has been removed from the source:\n",
				{
					"t": "x",
					"v": "%2$s"
				},
				"\nDelete its download?"
			],
			"rid": "app/src/main/res/values/strings.xml",
			"ts": 1
		},
		{
			"sid": "migrate_manga_one",
			"isSuffixPluralized": true,
			"mf": "default",
			"gstr": "Migrate {{x}}{{x}} manga?",
			"guid": "5otAlRi18WJHdTNddhXrbauyBBuNmozvj5T1U3LdNio",
			"nsrc": [
				"Migrate ",
				{
					"t": "x",
					"v": "%1$d"
				},
				{
					"t": "x",
					"v": "%2$s"
				},
				" manga?"
			],
			"rid": "app/src/main/res/values/strings.xml",
			"ts": 1
		},
		{
			"sid": "copy_manga_one",
			"isSuffixPluralized": true,
			"mf": "default",
			"gstr": "Copy {{x}}{{x}} manga?",
			"guid": "V7Ipy8tVMS_hgViqxAA2GVdKnK2eiylBmpYsz6R23AM",
			"nsrc": [
				"Copy ",
				{
					"t": "x",
					"v": "%1$d"
				},
				{
					"t": "x",
					"v": "%2$s"
				},
				" manga?"
			],
			"rid": "app/src/main/res/values/strings.xml",
			"ts": 1
		},
		{
			"sid": "manga_migrated_one",
			"isSuffixPluralized": true,
			"mf": "default",
			"gstr": "{{x}} manga migrated",
			"guid": "26atAzC3mwZ3kvEaRGvJjuffpG2YiWvLb_0uDvsLPtE",
			"nsrc": [
				{
					"t": "x",
					"v": "%d"
				},
				" manga migrated"
			],
			"rid": "app/src/main/res/values/strings.xml",
			"ts": 1
		},
		{
			"sid": "restore_completed_message_one",
			"isSuffixPluralized": true,
			"mf": "default",
			"gstr": "Done in {{x}} with {{x}} error",
			"guid": "dUY5CemIa3xpPTEoUKN5hZLIYyFYKU1bhYQvPyUJvk0",
			"nsrc": [
				"Done in ",
				{
					"t": "x",
					"v": "%1$s"
				},
				" with ",
				{
					"t": "x",
					"v": "%2$s"
				},
				" error"
			],
			"rid": "app/src/main/res/values/strings.xml",
			"ts": 1
		},
		{
			"sid": "cache_cleared_one",
			"isSuffixPluralized": true,
			"mf": "default",
			"gstr": "Cache cleared. {{x}} file has been deleted",
			"guid": "5eZfQwyisFt-eAr3zUOKugP__L-uALc_ylWptAYKJQI",
			"nsrc": [
				"Cache cleared. ",
				{
					"t": "x",
					"v": "%d"
				},
				" file has been deleted"
			],
			"rid": "app/src/main/res/values/strings.xml",
			"ts": 1
		},
		{
			"sid": "cleanup_done_one",
			"isSuffixPluralized": true,
			"mf": "default",
			"gstr": "Cleanup done. Removed {{x}} folder",
			"guid": "rh1h0cJO-5V2S5q15JDf5bxw2kDqyrXKS4r_wy5PUwU",
			"nsrc": [
				"Cleanup done. Removed ",
				{
					"t": "x",
					"v": "%d"
				},
				" folder"
			],
			"rid": "app/src/main/res/values/strings.xml",
			"ts": 1
		},
		{
			"sid": "after_minutes_one",
			"isSuffixPluralized": true,
			"mf": "default",
			"gstr": "After {{x}} minute",
			"guid": "C0PQbeoPQFB8cyWahP6wddbk0QOh4f-mmiHyTcQUny4",
			"nsrc": [
				"After ",
				{
					"t": "x",
					"v": "%1$s"
				},
				" minute"
			],
			"rid": "app/src/main/res/values/strings.xml",
			"ts": 1
		}
	],
	"translationProvider": "Repetition",
	"jobGuid": "xxx2xxx",
	"status": "created",
	"updatedAt": "2022-05-29T00:00:00.000Z"
}