<!DOCTYPE html><!-- Last Published: Tue Oct 04 2022 16:40:09 GMT+0000 (Coordinated Universal Time) --><html><head></head>
    <body class="bodyvoucher">
        <div class="container-2">[<h1>Interway isyay 🎉</h1> <div> <div class="body-paragraph">omingcay</div> </div> <a href="#" id="redeemButton" class="button white w-button">Edeemray Iftgay</a>-it]</div>
</body></html>