{
	"sourceLang": "en",
	"targetLang": "zh-Hans",
	"leverage": {
		"minimumQuality": 50,
		"translated": {
			"70": 851
		},
		"untranslated": 28,
		"internalRepetitions": 3,
		"internalRepetitionWords": 15,
		"untranslatedChars": 549,
		"untranslatedWords": 102,
		"pending": 0,
		"tmSize": 851
	},
	"tus": [
		{
			"isSuffixPluralized": true,
			"sid": "migrate_manga_one",
			"guid": "xB_NruBrwGm-TnuNNYyjVGpsAXfR7VIkbEeUbXWjyZc",
			"contentType": "default",
			"src": "Migrate %1$d%2$s manga?",
			"rid": "app/src/main/res/values/strings.xml",
			"ts": 1642896537928,
			"tgt": "迁移 %1$d%2$s 漫画？",
			"q": 61,
			"jobId": 2
		},
		{
			"isSuffixPluralized": true,
			"sid": "copy_manga_one",
			"guid": "ANCY8yBug2fS6YBza8w9Qh7Sup7ZSsV5B9oj2gC6f4I",
			"contentType": "default",
			"src": "Copy %1$d%2$s manga?",
			"rid": "app/src/main/res/values/strings.xml",
			"ts": 1642896537928,
			"tgt": "复制 %1$d%2$s 漫画？",
			"q": 61,
			"jobId": 2
		},
		{
			"isSuffixPluralized": true,
			"sid": "manga_migrated_one",
			"guid": "cIYtf0zyptX55Env0FXOdM1K7AVpeq5M2sgTCaYQWZA",
			"contentType": "default",
			"src": "%d manga migrated",
			"rid": "app/src/main/res/values/strings.xml",
			"ts": 1642896537928,
			"tgt": "%d 漫画已迁移",
			"q": 61,
			"jobId": 2
		}
	],
	"status": "done",
	"translationProvider": "Repetition",
	"jobId": 2,
	"jobGuid": "x"
}