{
	"sourceLang": "en",
	"targetLang": "zh-Hans",
	"tus": [
		{
			"sid": "app_name",
			"guid": "kAXadpWkMY/R68bbf/7iVGBzwRjYQSI3AM1R8G7UlLE=",
			"contentType": "default",
			"src": "TachiyomiJ2K",
			"rid": "app/src/main/res/values/strings.xml",
			"ts": 1642896537928
		},
		{
			"sid": "app_short_name",
			"guid": "4ZJWhsxEVWgzhYbLJn7xrJr0riE6jkbADmLiQNVPZeo=",
			"contentType": "default",
			"src": "TachiJ2K",
			"rid": "app/src/main/res/values/strings.xml",
			"ts": 1642896537928
		},
		{
			"sid": "anilist",
			"guid": "s3vACTdhZ2buj/Wg0AF6N/JFDtLvlLLnIbUHBxnQ0qg=",
			"contentType": "default",
			"src": "AniList",
			"rid": "app/src/main/res/values/strings.xml",
			"ts": 1642896537928
		},
		{
			"sid": "myanimelist",
			"guid": "dJVNyCn6bIDgocMnQANRZjjmN2yv219ej1rKTgEQG1Y=",
			"contentType": "default",
			"src": "MyAnimeList",
			"rid": "app/src/main/res/values/strings.xml",
			"ts": 1642896537928
		},
		{
			"sid": "kitsu",
			"guid": "lijVZnlsI/8wEaRccN3GhdMbkaokjlOHevHhcQl1its=",
			"contentType": "default",
			"src": "Kitsu",
			"rid": "app/src/main/res/values/strings.xml",
			"ts": 1642896537928
		},
		{
			"sid": "bangumi",
			"guid": "+GCqrIKkjCFCLsp6+nzpVdVJu1dHryOAddTaNcpolJA=",
			"contentType": "default",
			"src": "Bangumi",
			"rid": "app/src/main/res/values/strings.xml",
			"ts": 1642896537928
		},
		{
			"sid": "shikimori",
			"guid": "Ybb05vTJZmYDqAD6oEoxBMJ58ncfq903Xk0tNPmx7hU=",
			"contentType": "default",
			"src": "Shikimori",
			"rid": "app/src/main/res/values/strings.xml",
			"ts": 1642896537928
		},
		{
			"sid": "komga",
			"guid": "tCcKUHMi2WKFTJPbgDWUPaxQgriB9B5cI87p+NIa0zg=",
			"contentType": "default",
			"src": "Komga",
			"rid": "app/src/main/res/values/strings.xml",
			"ts": 1642896537928
		},
		{
			"sid": "cloudflare",
			"guid": "jAYBWannurG5S8mC9W4J7PUBGpLCNPGMR3ljJ5zEFKI=",
			"contentType": "default",
			"src": "Cloudflare",
			"rid": "app/src/main/res/values/strings.xml",
			"ts": 1642896537928
		},
		{
			"sid": "google",
			"guid": "2LZVXfTF7e7En+VmiiCJGKshKouQ4iTTvJXQ/kpyY9w=",
			"contentType": "default",
			"src": "Google",
			"rid": "app/src/main/res/values/strings.xml",
			"ts": 1642896537928
		},
		{
			"sid": "ad_guard",
			"guid": "Oi/2wSlNC77uKVZa1XpR6ECAarof1ccaP95O7Tse4DA=",
			"contentType": "default",
			"src": "AdGuard",
			"rid": "app/src/main/res/values/strings.xml",
			"ts": 1642896537928
		},
		{
			"isSuffixPluralized": true,
			"sid": "remove_n_chapters_one",
			"guid": "knJMaAVR62PEtQndkYhhbexC0GIjxr+r3/n/Xcu2r0s=",
			"contentType": "default",
			"src": "Remove %1$d downloaded chapter?",
			"rid": "app/src/main/res/values/strings.xml",
			"ts": 1642896537928
		},
		{
			"isSuffixPluralized": true,
			"sid": "chapters_plural_one",
			"guid": "X/xLwLneNjaCuErpOvyVwuG5fTb8+UCP5SsHQz+puzI=",
			"contentType": "default",
			"src": "%1$d chapter",
			"rid": "app/src/main/res/values/strings.xml",
			"ts": 1642896537928
		},
		{
			"isSuffixPluralized": true,
			"sid": "pages_left_one",
			"guid": "0vqefHzsJQULHZd5MNwiOZipcKE1vgaTP7+VSx7FRV4=",
			"contentType": "default",
			"src": "%1$d page left",
			"rid": "app/src/main/res/values/strings.xml",
			"ts": 1642896537928
		},
		{
			"isSuffixPluralized": true,
			"sid": "category_plural_one",
			"guid": "6CfUlDdZwjQi9NBW2TB0Bhg9lLrJZJdCk6Qf334AZ8U=",
			"contentType": "default",
			"src": "%d category",
			"rid": "app/src/main/res/values/strings.xml",
			"ts": 1642896537928
		},
		{
			"isSuffixPluralized": true,
			"sid": "for_n_titles_one",
			"guid": "D+XGn0T65+KSSIomQYzkoKzAEUsZszypFjTP1Lvid1g=",
			"contentType": "default",
			"src": "For %d title",
			"rid": "app/src/main/res/values/strings.xml",
			"ts": 1642896537928
		},
		{
			"isSuffixPluralized": true,
			"sid": "notification_and_n_more_one",
			"guid": "S2ivCL4mnAN/3LvCD4eLgcF0EfIPjNBsd9I7+l5zqNE=",
			"contentType": "default",
			"src": "and %1$d more chapter",
			"rid": "app/src/main/res/values/strings.xml",
			"ts": 1642896537928
		},
		{
			"isSuffixPluralized": true,
			"sid": "notification_update_failed_one",
			"guid": "n+9x0mdfrc5EllF9g4lxFwLkppPeEQND2uhVP0ERBFU=",
			"contentType": "default",
			"src": "1 update failed",
			"rid": "app/src/main/res/values/strings.xml",
			"ts": 1642896537928
		},
		{
			"isSuffixPluralized": true,
			"sid": "_updates_pending_one",
			"guid": "nA9Lsa5paTIiqxU3vXbGa+mttBPjFTxMMp3ZoShHoCM=",
			"contentType": "default",
			"src": "%d update pending",
			"rid": "app/src/main/res/values/strings.xml",
			"ts": 1642896537928
		},
		{
			"isSuffixPluralized": true,
			"sid": "extensions_updated_plural_one",
			"guid": "PDKvwcIWbKlbrMMuqEa00drfTM71kt4AE5hfbznTe/o=",
			"contentType": "default",
			"src": "Extension updated",
			"rid": "app/src/main/res/values/strings.xml",
			"ts": 1642896537928
		},
		{
			"isSuffixPluralized": true,
			"sid": "extension_updates_available_one",
			"guid": "ZNcGVkm/LvhJlULW759Z140eW5Es4GSIXDFWwYiq7Lo=",
			"contentType": "default",
			"src": "Extension update available",
			"rid": "app/src/main/res/values/strings.xml",
			"ts": 1642896537928
		},
		{
			"isSuffixPluralized": true,
			"sid": "pages_plural_one",
			"guid": "sL/wSvGXvK5kY+HivzhJsIzFxW6bX2dTH6UquFVCpHA=",
			"contentType": "default",
			"src": "%1$d page",
			"rid": "app/src/main/res/values/strings.xml",
			"ts": 1642896537928
		},
		{
			"isSuffixPluralized": true,
			"sid": "missing_chapters_warning_one",
			"guid": "TyE4yyopQMXi9xPAwddqixG0FiRUr7u1yXsHaK5cFNg=",
			"contentType": "default",
			"src": "Skipping 1 chapter, either the source is missing it or it has been filtered out",
			"rid": "app/src/main/res/values/strings.xml",
			"ts": 1642896537928
		},
		{
			"isSuffixPluralized": true,
			"sid": "deleted_chapters_one",
			"guid": "Eaze/yfF/znJ1d1oABgiBdE+HlrHoqbNbugyw6slJ3k=",
			"contentType": "default",
			"src": "A chapter has been removed from the source:\\n%2$s\\nDelete\n            its download?",
			"rid": "app/src/main/res/values/strings.xml",
			"ts": 1642896537928
		},
		{
			"isSuffixPluralized": true,
			"sid": "restore_completed_message_one",
			"guid": "5+3zp8SLfOTjhqThDsAlqVYw67Y1AHvVCaqYvsukLd8=",
			"contentType": "default",
			"src": "Done in %1$s with %2$s error",
			"rid": "app/src/main/res/values/strings.xml",
			"ts": 1642896537928
		},
		{
			"isSuffixPluralized": true,
			"sid": "cache_cleared_one",
			"guid": "GoS05q9gcc/8SrsAMDpLSGWUgY57w7msDJ6H/STj6hk=",
			"contentType": "default",
			"src": "Cache cleared. %d file has been deleted",
			"rid": "app/src/main/res/values/strings.xml",
			"ts": 1642896537928
		},
		{
			"isSuffixPluralized": true,
			"sid": "cleanup_done_one",
			"guid": "yPtONJrH7wZNy01J/ocBileV8yIllccxSdWOAT3Tb34=",
			"contentType": "default",
			"src": "Cleanup done. Removed %d folder",
			"rid": "app/src/main/res/values/strings.xml",
			"ts": 1642896537928
		},
		{
			"isSuffixPluralized": true,
			"sid": "after_minutes_one",
			"guid": "miGljXfpQpHYhkxvC7lslpiM2pbOH+24h0PZcIhHhd4=",
			"contentType": "default",
			"src": "After %1$s minute",
			"rid": "app/src/main/res/values/strings.xml",
			"ts": 1642896537928
		}
	],
	"leverage": {
		"minimumQuality": 50,
		"translated": {
			"61": 3,
			"70": 851
		},
		"untranslated": 28,
		"untranslatedChars": 549,
		"untranslatedWords": 102,
		"pending": 0,
		"tmSize": 854
	},
	"jobId": 3,
	"jobGuid": "x",
	"status": "created",
	"translationProvider": "XliffBridge"
}