{
	"sourceLang": "en",
	"targetLang": "zh-Hans",
	"leverage": {
		"minimumQuality": 50,
		"translated": {
			"61": 3,
			"70": 851
		},
		"untranslated": 28,
		"untranslatedChars": 549,
		"untranslatedWords": 102,
		"pending": 0,
		"tmSize": 854
	},
	"jobId": 3,
	"jobGuid": "x",
	"status": "pending",
	"translationProvider": "XliffBridge",
	"inflight": [
		"kAXadpWkMY/R68bbf/7iVGBzwRjYQSI3AM1R8G7UlLE=",
		"4ZJWhsxEVWgzhYbLJn7xrJr0riE6jkbADmLiQNVPZeo=",
		"s3vACTdhZ2buj/Wg0AF6N/JFDtLvlLLnIbUHBxnQ0qg=",
		"dJVNyCn6bIDgocMnQANRZjjmN2yv219ej1rKTgEQG1Y=",
		"lijVZnlsI/8wEaRccN3GhdMbkaokjlOHevHhcQl1its=",
		"+GCqrIKkjCFCLsp6+nzpVdVJu1dHryOAddTaNcpolJA=",
		"Ybb05vTJZmYDqAD6oEoxBMJ58ncfq903Xk0tNPmx7hU=",
		"tCcKUHMi2WKFTJPbgDWUPaxQgriB9B5cI87p+NIa0zg=",
		"jAYBWannurG5S8mC9W4J7PUBGpLCNPGMR3ljJ5zEFKI=",
		"2LZVXfTF7e7En+VmiiCJGKshKouQ4iTTvJXQ/kpyY9w=",
		"Oi/2wSlNC77uKVZa1XpR6ECAarof1ccaP95O7Tse4DA=",
		"knJMaAVR62PEtQndkYhhbexC0GIjxr+r3/n/Xcu2r0s=",
		"X/xLwLneNjaCuErpOvyVwuG5fTb8+UCP5SsHQz+puzI=",
		"0vqefHzsJQULHZd5MNwiOZipcKE1vgaTP7+VSx7FRV4=",
		"6CfUlDdZwjQi9NBW2TB0Bhg9lLrJZJdCk6Qf334AZ8U=",
		"D+XGn0T65+KSSIomQYzkoKzAEUsZszypFjTP1Lvid1g=",
		"S2ivCL4mnAN/3LvCD4eLgcF0EfIPjNBsd9I7+l5zqNE=",
		"n+9x0mdfrc5EllF9g4lxFwLkppPeEQND2uhVP0ERBFU=",
		"nA9Lsa5paTIiqxU3vXbGa+mttBPjFTxMMp3ZoShHoCM=",
		"PDKvwcIWbKlbrMMuqEa00drfTM71kt4AE5hfbznTe/o=",
		"ZNcGVkm/LvhJlULW759Z140eW5Es4GSIXDFWwYiq7Lo=",
		"sL/wSvGXvK5kY+HivzhJsIzFxW6bX2dTH6UquFVCpHA=",
		"TyE4yyopQMXi9xPAwddqixG0FiRUr7u1yXsHaK5cFNg=",
		"Eaze/yfF/znJ1d1oABgiBdE+HlrHoqbNbugyw6slJ3k=",
		"5+3zp8SLfOTjhqThDsAlqVYw67Y1AHvVCaqYvsukLd8=",
		"GoS05q9gcc/8SrsAMDpLSGWUgY57w7msDJ6H/STj6hk=",
		"yPtONJrH7wZNy01J/ocBileV8yIllccxSdWOAT3Tb34=",
		"miGljXfpQpHYhkxvC7lslpiM2pbOH+24h0PZcIhHhd4="
	]
}