{
  "title": "Welcome to react using react-i18next",
  "description": {
      "part1": "To get started, edit <a>src/App.js</a> and save to reload.",
      "part2": "Switch language between english and german using buttons above."
  },
  "welcome": {
      "name1": "Welcome, {{name}}!",
      "name2": "Welcome, <a>{{name}}</a>!"
  },
  "nationalIdPlaceholder": "Enter your {{id}}",
  "@nationalIdPlaceholder": {
    "description": "copy - national ID input placeholder on passenger form",
    "placeholders": {
      "id": {
        "example": "CPF",
        "description": "Name of a national ID"
      }
    }
  }
}
