{
	"numSources": 2,
	"lang": {
		"de": {
			"leverage": {
				"tmSize": 18,
				"minimumQuality": 50,
				"prjLeverage": {
					"default": {
						"translated": 5,
						"translatedWords": 28,
						"translatedByQ": {
							"70": 5
						},
						"untranslated": 13,
						"untranslatedChars": 249,
						"untranslatedWords": 41,
						"pending": 0,
						"pendingWords": 0,
						"internalRepetitions": 0,
						"internalRepetitionWords": 0
					}
				}
			}
		},
		"ru": {
			"leverage": {
				"tmSize": 18,
				"minimumQuality": 50,
				"prjLeverage": {
					"default": {
						"translated": 5,
						"translatedWords": 28,
						"translatedByQ": {
							"70": 5
						},
						"untranslated": 13,
						"untranslatedChars": 249,
						"untranslatedWords": 41,
						"pending": 0,
						"pendingWords": 0,
						"internalRepetitions": 0,
						"internalRepetitionWords": 0
					}
				}
			}
		}
	}
}