{
	"sourceLang": "en",
	"targetLang": "ru",
	"jobGuid": "tmexport_en_ru",
	"updatedAt": "2022-05-30T00:00:00.000Z",
	"status": "created",
	"tus": [
		{
			"sid": "title",
			"guid": "wUtgDUDVeLsT_x9VEGH_peG9Ujs3DvX1H3cvHtxgcjw",
			"seq": 1011,
			"nsrc": [
				"Welcome to react using react-i18next"
			],
			"rid": "public/locales/en/translations.json"
		},
		{
			"sid": "description.part1",
			"guid": "cghma_NsjtZInytTsem0CwlHb1dS2hT2uQGVfDLNkaI",
			"seq": 1010,
			"nsrc": [
				"To get started, edit ",
				{
					"t": "bx",
					"v": "<a>"
				},
				"src/App.js",
				{
					"t": "ex",
					"v": "</a>"
				},
				" and save to reload."
			],
			"rid": "public/locales/en/translations.json"
		},
		{
			"sid": "description.part2",
			"guid": "B2tOpN7eXoM6vDTFJdnZEO-5fTC49LtcVxOOxviW7z8",
			"seq": 1009,
			"nsrc": [
				"Switch language between english and german using buttons above."
			],
			"rid": "public/locales/en/translations.json"
		},
		{
			"sid": "welcome.name1",
			"guid": "mVpp2sfDV8h1yTpK3YpunsGCCyrOtgRsoijdn0rbpfo",
			"seq": 1008,
			"nsrc": [
				"Welcome, ",
				{
					"t": "x",
					"v": "{{name}}"
				},
				"!"
			],
			"rid": "public/locales/en/translations.json"
		},
		{
			"sid": "welcome.name2",
			"guid": "RLKDBvHhlr-qK3r-qduFToaGzxrPq1lCG1NlVq7u80s",
			"seq": 1007,
			"nsrc": [
				"Welcome, ",
				{
					"t": "bx",
					"v": "<a>"
				},
				{
					"t": "x",
					"v": "{{name}}"
				},
				{
					"t": "ex",
					"v": "</a>"
				},
				"!"
			],
			"rid": "public/locales/en/translations.json"
		},
		{
			"sid": "homeTitle",
			"guid": "Yhu_PT_gxnNEP6i5cnfpdYCQ577w0kcHlKdPIp1rHWM",
			"seq": 1023,
			"nsrc": [
				{
					"t": "bx",
					"v": "<b>"
				},
				"Welcome",
				{
					"t": "ex",
					"v": "</b>"
				},
				" to ",
				{
					"t": "x",
					"v": "$t(brand:portalName)"
				},
				"."
			],
			"rid": "public/locales/en/app.json",
			"notes": {
				"desc": "header - This is the welcome message on the home page"
			}
		},
		{
			"sid": "flightHome.title",
			"guid": "8QAVB3VDxOUUy1YKjJmy1pgdVR0m497ZhCOVS16GBQM",
			"seq": 1022,
			"nsrc": [
				{
					"t": "bx",
					"v": "<strong>"
				},
				"Welcome back",
				{
					"t": "ex",
					"v": "</strong>"
				},
				" to travel."
			],
			"rid": "public/locales/en/app.json",
			"notes": {
				"desc": "header - welcome message of flight flow"
			}
		},
		{
			"sid": "flightHome.subtitle",
			"guid": "AGkOSI-2cbdKB0hwucpDtAhetdvAytGYurYD7hvcezM",
			"seq": 1021,
			"nsrc": [
				"Book the trip you've been waiting for."
			],
			"rid": "public/locales/en/app.json",
			"notes": {
				"desc": "subtitle - flight landing page subheading"
			}
		},
		{
			"sid": "pickerTraveler_one",
			"isSuffixPluralized": true,
			"guid": "YpoIEBkIfKjKzReUIQX2mqEn2bLQ8YPiTSt1FDHIkI4",
			"seq": 1020,
			"nsrc": [
				"Traveler"
			],
			"rid": "public/locales/en/app.json"
		},
		{
			"sid": "pickerTraveler_other",
			"isSuffixPluralized": true,
			"guid": "sTGxO3wYiDt-d_Nrg22Dm5CCdRJYPprzgXAZ9M2S81w",
			"seq": 1019,
			"nsrc": [
				"Travelers"
			],
			"rid": "public/locales/en/app.json"
		},
		{
			"sid": "warningMessage",
			"guid": "KuM3WlVRMaBLFo6E0fg4vATKm955gBDBbAGTLdLITAk",
			"seq": 1018,
			"nsrc": [
				"You can search for up to ",
				{
					"t": "x",
					"v": "{{maximumCount}}"
				},
				" travelers"
			],
			"rid": "public/locales/en/app.json",
			"notes": {
				"desc": "copy - passenger count picker warning message"
			}
		},
		{
			"sid": "termsAndConditions",
			"guid": "qJxPXXst0F8DLkzVVG63hebwXP80N7CFgJfuXtr8mM8",
			"seq": 1024,
			"nsrc": [
				{
					"t": "bx",
					"v": "<p>"
				},
				{
					"t": "x",
					"v": "$t(brand:portalName)"
				},
				" price services and notifications. ",
				{
					"t": "x",
					"v": "$t(brand:clientName)"
				},
				" work hard to ensure the accuracy of its predictions. ",
				{
					"t": "ex",
					"v": "</p>"
				}
			],
			"rid": "public/locales/en/app.json",
			"notes": {
				"desc": "copy - price  terms and conditions copy"
			}
		},
		{
			"sid": "timeCount.day_one",
			"isSuffixPluralized": true,
			"guid": "bws_LnxH_75t_Jdprc_zeTdGgUOWjzRFnDe6YfvjOYg",
			"seq": 1017,
			"nsrc": [
				{
					"t": "x",
					"v": "{{count}}"
				},
				" day"
			],
			"rid": "public/locales/en/app.json",
			"notes": {
				"desc": "copy - time copy for day singular"
			}
		},
		{
			"sid": "timeCount.day_other",
			"isSuffixPluralized": true,
			"guid": "Jqw-OIo4U6fG5lyDl3mUsrBOVyxTbyNSBtYPAz3soPQ",
			"seq": 1016,
			"nsrc": [
				{
					"t": "x",
					"v": "{{count}}"
				},
				" days"
			],
			"rid": "public/locales/en/app.json",
			"notes": {
				"desc": "copy - time copy for days plural"
			}
		},
		{
			"sid": "timeCount.hour_one",
			"isSuffixPluralized": true,
			"guid": "u-b8MhBsF9k7Q4SquD9h_vGYUIfEhi_gRzuA9i36PfY",
			"seq": 1015,
			"nsrc": [
				{
					"t": "x",
					"v": "{{count}}"
				},
				" hour"
			],
			"rid": "public/locales/en/app.json",
			"notes": {
				"desc": "copy - time copy for hour singular"
			}
		},
		{
			"sid": "timeCount.hour_other",
			"isSuffixPluralized": true,
			"guid": "haJeL1bazwQ1yTntetVJeSFWmn5a9hPwuTBVoh9ISjo",
			"seq": 1014,
			"nsrc": [
				{
					"t": "x",
					"v": "{{count}}"
				},
				" hours"
			],
			"rid": "public/locales/en/app.json",
			"notes": {
				"desc": "copy - time copy for hours plural"
			}
		},
		{
			"sid": "timeCount.second_one",
			"isSuffixPluralized": true,
			"guid": "YjPgqgOdTMkHKTRSeQTqRnPKYg-aPkWmF4PtExUoI6Q",
			"seq": 1013,
			"nsrc": [
				{
					"t": "x",
					"v": "{{count}}"
				},
				" second"
			],
			"rid": "public/locales/en/app.json",
			"notes": {
				"desc": "copy - time copy for second singular"
			}
		},
		{
			"sid": "timeCount.second_other",
			"isSuffixPluralized": true,
			"guid": "x1xQynOoxM1xfd0g5iSmzZfrIWxwjHfV3x-1xaoiFJk",
			"seq": 1012,
			"nsrc": [
				{
					"t": "x",
					"v": "{{count}}"
				},
				" seconds"
			],
			"rid": "public/locales/en/app.json",
			"notes": {
				"desc": "copy - time copy for seconds plural"
			}
		}
	]
}