{
	"sourceLang": "en",
	"targetLang": "it",
	"tus": [
		{
			"sid": "empty.description",
			"location": {
				"startLine": 12,
				"endLine": 12
			},
			"guid": "izQWYgYqKwqWjsdbFGDGR2vStXjgSKPkDzfkUNC_dZY",
			"src": "",
			"rid": "dashlets/colleagues.get_en.properties",
			"ts": 1
		}
	],
	"translationProvider": "PigLatinizer",
	"jobGuid": "xxx2xxx",
	"status": "created",
	"updatedAt": "2022-05-29T00:00:00.000Z"
}