{
	"sourceLang": "en",
	"targetLang": "it",
	"translationProvider": "PigLatinizer",
	"jobGuid": "xxx2xxx",
	"status": "done",
	"tus": [
		{
			"guid": "izQWYgYqKwqWjsdbFGDGR2vStXjgSKPkDzfkUNC_dZY",
			"ts": 1,
			"tgt": "[-it]",
			"q": 2
		}
	],
	"updatedAt": "2022-05-29T00:00:00.000Z"
}