{
	"sourceLang": "en",
	"targetLang": "it",
	"tus": [
		{
			"sid": "empty.description",
			"location": {
				"startLine": 12,
				"endLine": 12
			},
			"guid": "izQWYgYqKwqWjsdbFGDGR2vStXjgSKPkDzfkUNC_dZY",
			"src": "",
			"rid": "dashlets/colleagues.get_en.properties",
			"ts": 1
		},
		{
			"sid": "dashlet.help",
			"location": {
				"startLine": 9,
				"endLine": 9
			},
			"guid": "c-6fDjw00nB1UJtukMnmj1d18-MHF12J24XzB-fT4xg",
			"src": "This dashlet shows the RSS feed of your choice. Click the edit icon on the dashlet to change the feed.",
			"rid": "dashlets/rssfeed.get_en.properties",
			"ts": 1
		},
		{
			"sid": "link.configure",
			"location": {
				"startLine": 3,
				"endLine": 3
			},
			"guid": "dI6k9BSigj6gEI0usWMTDR1B9zsFO8ws9atTiah-8Y4",
			"src": "Configure",
			"rid": "dashlets/site-notice.get_en.properties",
			"ts": 1
		}
	],
	"translationProvider": "Repetition",
	"jobGuid": "xxx1xxx",
	"status": "created",
	"updatedAt": "2022-05-29T00:00:00.000Z"
}