{
	"Sch-OXL3KPaFNWvKiWNmafNmqHZo8oNtcaB-9jYE1sk": 1,
	"S5zXEp9KGe9nqhqgtH8vMM106HfoiBTZzDQ8qyPdB5A": 2,
	"PV7WBP4aNfZzq1Hre1_bkECpoSmhPedg7xfh7UKYkyw": 3,
	"jkJekuVBcsiufoG2zmxszlbnMGkREPRBAeb2QTDfUaI": 4,
	"2n8bq0sVYs9Xil3nEw7OEVuhOSGvpaoInQAZ89RnD7c": 5,
	"XY8o8xA5C_HlR4v8LDc4L98Y0mR-4gHyLjDxwvNhDrM": 6,
	"MmBuoyCIE3eiz_wlkLAZMeoIhXX52LOiAHNCnl3o4Fc": 7,
	"QaV08RUEuxPOCugEXCnQ7tnShKARCrrKeZxYO7kxLSc": 8,
	"c6aK6IBRyaNfMidf7na8JYOmhVI2r4vsn3O6B-pr-xc": 9,
	"ZYAxQNY0zLKx4RB3CGTDXujQrbLQclR9EH5EQ7Fzbok": 10,
	"Kj45w0Rgr1SHV55MeVawhgff4UYIfb-XuWWnyf9_dks": 11,
	"8_cqAMCRj_4YGH6-e5xWNNAupQF-OHn20AQoeGp75h4": 12,
	"yiK0MVBkcMRpl-7tMMPVMmlUvDJvqVxRbLLDHOchAko": 13,
	"L3Um-sKnXUAP1liD4dLFvMGh7c2p80P5DRx1ZFPYpqM": 14,
	"6nFW5iZToYQ3LtLDeb9Adlfu-EQWDAuFyMsAlRw4cf4": 15,
	"4jxuTPXhhsLGShj5wDGlsktW8NV1GAYrGDxHaZV_6C4": 16,
	"6hNFreOOSaLtvtpZeirvd7YWah19RxogxrXPw89jle8": 17,
	"JdemGm2zCUjeubRLZsgXcHubo03AMla3GDG3EQOcRaA": 18,
	"slgigM0NfUFIqYMNDpipEAV2LaSg4PIejxEgH37p4Pw": 19,
	"wqrXrCWCECaeOiuDSJiLjeSfPaVlrgpeDFJp8NK39WU": 20,
	"kNNZEkHiye4nzgXH33tGPIpo_dN9p9dtDvtyQLknghg": 21,
	"qTP4qKQCnREcyJAH2Kaph3DNOicsXMZGYTlqeVzrb2c": 22,
	"Ko1R6hKlnw0dJtnGrwHdjhq0igmaxHWUuci1ZrEiYvg": 23,
	"_AhOCAPiMyasIto9QG_S4I0SlAYd_aMe7FWWEAduL38": 24,
	"CBwqRfe5Ye7rqvX0p6oInX-rrmYU3pvl1Sb7GOjEY2k": 25,
	"xX2wjf_JnaqCdoe4AvzrpR0w__P7h12WCoMygm6ru8U": 26,
	"QBJSpbVgw6NtOonlImeo7N4Ys6aMk-tIHP-Jha6jjwk": 27,
	"ngT5pq_BhXgX71IJFDYZQRJX80bl9J1XPD2oBb-VEAE": 28,
	"Ln6QELVxYXr2EgOv6P2-EYewhB5H6jLOJ1W5jilT_nc": 29,
	"p72nj2yZPB-RfJOZa2iZg2pt16HznCGr_kdYQziGHxs": 30,
	"snWaUNjXnKuXlItO8jUPfKITKfuqshl6xCXxUgiP4jI": 31,
	"d13hqt62wEq5drSC-g7auJUOAlQL-N3VrEyi1mCjMH0": 32,
	"kjYD6n4DIB9kQKYRd0QStGsZfU2yOhcUG091zj53Skw": 33
}